// Jest Snapshot v1, https://goo.gl/fbAQLP

exports[`renders a snapshot 1`] = `
<div
  id="App"
>
  <Header />
  <Route
    component={[Function]}
    exact={true}
    path="/"
  />
  <Route
    component={[Function]}
    exact={true}
    path="/station"
  />
  <Route
    component={[Function]}
    exact={true}
    path="/cost"
  />
  <Route
    component={[Function]}
    exact={true}
    path="/efficiency"
  />
</div>
`;
