// Vitest Snapshot v1, https://vitest.dev/guide/snapshot.html

exports[`creates all material > all material bins 1`] = `
[
  {
    "binId": "__FMS_INSIGHT_LOAD_STATION_BIN__",
    "byLul": Map {
      1 => [
        {
          "action": {
            "elapsedLoadUnloadTime": undefined,
            "elapsedMachiningTime": undefined,
            "expectedRemainingMachiningTime": undefined,
            "loadOntoFace": undefined,
            "loadOntoPallet": undefined,
            "pathAfterLoad": undefined,
            "processAfterLoad": undefined,
            "program": undefined,
            "type": "UnloadToCompletedMaterial",
            "unloadIntoQueue": undefined,
          },
          "jobUnique": "aaa-offline-2018-01-01",
          "lastCompletedMachiningRouteStopIndex": undefined,
          "location": {
            "currentQueue": undefined,
            "face": "2",
            "pallet": 1,
            "queuePosition": undefined,
            "type": "OnPallet",
          },
          "materialID": 100316,
          "partName": "aaa",
          "path": 1,
          "process": 2,
          "serial": "MZRGY",
          "signaledInspections": [],
          "workorderId": undefined,
        },
        {
          "action": {
            "elapsedLoadUnloadTime": undefined,
            "elapsedMachiningTime": undefined,
            "expectedRemainingMachiningTime": undefined,
            "loadOntoFace": 2,
            "loadOntoPallet": "1",
            "pathAfterLoad": 1,
            "processAfterLoad": 2,
            "program": undefined,
            "type": "Loading",
            "unloadIntoQueue": undefined,
          },
          "jobUnique": "aaa-offline-2018-01-01",
          "lastCompletedMachiningRouteStopIndex": undefined,
          "location": {
            "currentQueue": undefined,
            "face": "1",
            "pallet": 1,
            "queuePosition": undefined,
            "type": "OnPallet",
          },
          "materialID": 100432,
          "partName": "aaa",
          "path": 1,
          "process": 1,
          "serial": "NBTGI",
          "signaledInspections": [],
          "workorderId": undefined,
        },
        {
          "action": {
            "elapsedLoadUnloadTime": undefined,
            "elapsedMachiningTime": undefined,
            "expectedRemainingMachiningTime": undefined,
            "loadOntoFace": 1,
            "loadOntoPallet": "1",
            "pathAfterLoad": 1,
            "processAfterLoad": 1,
            "program": undefined,
            "type": "Loading",
            "unloadIntoQueue": undefined,
          },
          "jobUnique": "aaa-offline-2018-01-01",
          "lastCompletedMachiningRouteStopIndex": undefined,
          "location": {
            "currentQueue": undefined,
            "face": undefined,
            "pallet": undefined,
            "queuePosition": undefined,
            "type": "Free",
          },
          "materialID": 100663,
          "partName": "bbb",
          "path": 1,
          "process": 1,
          "serial": "NRWGM",
          "signaledInspections": [],
          "workorderId": undefined,
        },
      ],
      2 => [
        {
          "action": {
            "elapsedLoadUnloadTime": undefined,
            "elapsedMachiningTime": undefined,
            "expectedRemainingMachiningTime": undefined,
            "loadOntoFace": undefined,
            "loadOntoPallet": undefined,
            "pathAfterLoad": undefined,
            "processAfterLoad": undefined,
            "program": undefined,
            "type": "UnloadToCompletedMaterial",
            "unloadIntoQueue": undefined,
          },
          "jobUnique": "xxx-offline-2018-01-01",
          "lastCompletedMachiningRouteStopIndex": undefined,
          "location": {
            "currentQueue": undefined,
            "face": "1",
            "pallet": 5,
            "queuePosition": undefined,
            "type": "OnPallet",
          },
          "materialID": 102097,
          "partName": "xxx",
          "path": 1,
          "process": 1,
          "serial": "MBZG4",
          "signaledInspections": [],
          "workorderId": undefined,
        },
        {
          "action": {
            "elapsedLoadUnloadTime": undefined,
            "elapsedMachiningTime": undefined,
            "expectedRemainingMachiningTime": undefined,
            "loadOntoFace": 1,
            "loadOntoPallet": "5",
            "pathAfterLoad": 1,
            "processAfterLoad": 1,
            "program": undefined,
            "type": "Loading",
            "unloadIntoQueue": undefined,
          },
          "jobUnique": "zzz-offline-2018-01-01",
          "lastCompletedMachiningRouteStopIndex": undefined,
          "location": {
            "currentQueue": "Queue1",
            "face": undefined,
            "pallet": undefined,
            "queuePosition": 2,
            "type": "InQueue",
          },
          "materialID": 102304,
          "partName": "zzz",
          "path": 1,
          "process": 1,
          "serial": "MZQGQ",
          "signaledInspections": [],
          "workorderId": undefined,
        },
      ],
    },
    "type": "Bin_LoadStations",
  },
  {
    "binId": "__FMS_INSIGHT_PALLETS_BIN__",
    "byPallet": Map {
      "2" => [
        {
          "action": {
            "elapsedLoadUnloadTime": undefined,
            "elapsedMachiningTime": undefined,
            "expectedRemainingMachiningTime": undefined,
            "loadOntoFace": undefined,
            "loadOntoPallet": undefined,
            "pathAfterLoad": undefined,
            "processAfterLoad": undefined,
            "program": undefined,
            "type": "Waiting",
            "unloadIntoQueue": undefined,
          },
          "jobUnique": "bbb-offline-2018-01-01",
          "lastCompletedMachiningRouteStopIndex": undefined,
          "location": {
            "currentQueue": undefined,
            "face": "2",
            "pallet": 2,
            "queuePosition": undefined,
            "type": "OnPallet",
          },
          "materialID": 101266,
          "partName": "bbb",
          "path": 1,
          "process": 2,
          "serial": "MRWGY",
          "signaledInspections": [],
          "workorderId": undefined,
        },
        {
          "action": {
            "elapsedLoadUnloadTime": undefined,
            "elapsedMachiningTime": undefined,
            "expectedRemainingMachiningTime": undefined,
            "loadOntoFace": undefined,
            "loadOntoPallet": undefined,
            "pathAfterLoad": undefined,
            "processAfterLoad": undefined,
            "program": undefined,
            "type": "Waiting",
            "unloadIntoQueue": undefined,
          },
          "jobUnique": "bbb-offline-2018-01-01",
          "lastCompletedMachiningRouteStopIndex": undefined,
          "location": {
            "currentQueue": undefined,
            "face": "1",
            "pallet": 2,
            "queuePosition": undefined,
            "type": "OnPallet",
          },
          "materialID": 101015,
          "partName": "bbb",
          "path": 1,
          "process": 1,
          "serial": "MBRGU",
          "signaledInspections": [],
          "workorderId": undefined,
        },
      ],
      "4" => [
        {
          "action": {
            "elapsedLoadUnloadTime": undefined,
            "elapsedMachiningTime": "PT10M",
            "expectedRemainingMachiningTime": "PT20M",
            "loadOntoFace": undefined,
            "loadOntoPallet": undefined,
            "pathAfterLoad": undefined,
            "processAfterLoad": undefined,
            "program": "prog-ccc-2",
            "type": "Machining",
            "unloadIntoQueue": undefined,
          },
          "jobUnique": "ccc-offline-2018-01-01",
          "lastCompletedMachiningRouteStopIndex": undefined,
          "location": {
            "currentQueue": undefined,
            "face": "2",
            "pallet": 4,
            "queuePosition": undefined,
            "type": "OnPallet",
          },
          "materialID": 101805,
          "partName": "ccc",
          "path": 1,
          "process": 2,
          "serial": "OBQGU",
          "signaledInspections": [],
          "workorderId": undefined,
        },
        {
          "action": {
            "elapsedLoadUnloadTime": undefined,
            "elapsedMachiningTime": undefined,
            "expectedRemainingMachiningTime": undefined,
            "loadOntoFace": undefined,
            "loadOntoPallet": undefined,
            "pathAfterLoad": undefined,
            "processAfterLoad": undefined,
            "program": undefined,
            "type": "Waiting",
            "unloadIntoQueue": undefined,
          },
          "jobUnique": "ccc-offline-2018-01-01",
          "lastCompletedMachiningRouteStopIndex": undefined,
          "location": {
            "currentQueue": undefined,
            "face": "1",
            "pallet": 4,
            "queuePosition": undefined,
            "type": "OnPallet",
          },
          "materialID": 101662,
          "partName": "ccc",
          "path": 1,
          "process": 1,
          "serial": "NRWGI",
          "signaledInspections": [],
          "workorderId": undefined,
        },
      ],
      "6" => [
        {
          "action": {
            "elapsedLoadUnloadTime": undefined,
            "elapsedMachiningTime": "PT10M",
            "expectedRemainingMachiningTime": "PT50M",
            "loadOntoFace": undefined,
            "loadOntoPallet": undefined,
            "pathAfterLoad": undefined,
            "processAfterLoad": undefined,
            "program": "prog-zzz",
            "type": "Machining",
            "unloadIntoQueue": undefined,
          },
          "jobUnique": "zzz-offline-2018-01-01",
          "lastCompletedMachiningRouteStopIndex": undefined,
          "location": {
            "currentQueue": undefined,
            "face": "1",
            "pallet": 6,
            "queuePosition": undefined,
            "type": "OnPallet",
          },
          "materialID": 102431,
          "partName": "zzz",
          "path": 1,
          "process": 1,
          "serial": "NBTGE",
          "signaledInspections": [],
          "workorderId": undefined,
        },
      ],
      "7" => [
        {
          "action": {
            "elapsedLoadUnloadTime": undefined,
            "elapsedMachiningTime": undefined,
            "expectedRemainingMachiningTime": undefined,
            "loadOntoFace": undefined,
            "loadOntoPallet": undefined,
            "pathAfterLoad": undefined,
            "processAfterLoad": undefined,
            "program": undefined,
            "type": "Waiting",
            "unloadIntoQueue": undefined,
          },
          "jobUnique": "yyy-offline-2018-01-01",
          "lastCompletedMachiningRouteStopIndex": undefined,
          "location": {
            "currentQueue": undefined,
            "face": "1",
            "pallet": 7,
            "queuePosition": undefined,
            "type": "OnPallet",
          },
          "materialID": 102715,
          "partName": "yyy",
          "path": 1,
          "process": 1,
          "serial": "NZRGU",
          "signaledInspections": [],
          "workorderId": undefined,
        },
        {
          "action": {
            "elapsedLoadUnloadTime": undefined,
            "elapsedMachiningTime": undefined,
            "expectedRemainingMachiningTime": undefined,
            "loadOntoFace": undefined,
            "loadOntoPallet": undefined,
            "pathAfterLoad": undefined,
            "processAfterLoad": undefined,
            "program": undefined,
            "type": "Waiting",
            "unloadIntoQueue": undefined,
          },
          "jobUnique": "yyy-offline-2018-01-01",
          "lastCompletedMachiningRouteStopIndex": undefined,
          "location": {
            "currentQueue": undefined,
            "face": "1",
            "pallet": 7,
            "queuePosition": undefined,
            "type": "OnPallet",
          },
          "materialID": 103096,
          "partName": "yyy",
          "path": 1,
          "process": 1,
          "serial": "MBZGY",
          "signaledInspections": [],
          "workorderId": undefined,
        },
      ],
      "8" => [
        {
          "action": {
            "elapsedLoadUnloadTime": undefined,
            "elapsedMachiningTime": "PT10M",
            "expectedRemainingMachiningTime": "PT45M",
            "loadOntoFace": undefined,
            "loadOntoPallet": undefined,
            "pathAfterLoad": undefined,
            "processAfterLoad": undefined,
            "program": "prog-xxx",
            "type": "Machining",
            "unloadIntoQueue": undefined,
          },
          "jobUnique": "xxx-offline-2018-01-01",
          "lastCompletedMachiningRouteStopIndex": undefined,
          "location": {
            "currentQueue": undefined,
            "face": "1",
            "pallet": 8,
            "queuePosition": undefined,
            "type": "OnPallet",
          },
          "materialID": 103335,
          "partName": "xxx",
          "path": 1,
          "process": 1,
          "serial": "MZTGU",
          "signaledInspections": [],
          "workorderId": undefined,
        },
      ],
    },
    "type": "Bin_Pallets",
  },
  {
    "binId": "__FMS_INSIGHT_ACTIVE_QUEUE_BIN__",
    "byQueue": Map {},
    "type": "Bin_ActiveQueues",
  },
  {
    "binId": "Queue1",
    "material": [
      {
        "action": {
          "elapsedLoadUnloadTime": undefined,
          "elapsedMachiningTime": undefined,
          "expectedRemainingMachiningTime": undefined,
          "loadOntoFace": undefined,
          "loadOntoPallet": undefined,
          "pathAfterLoad": undefined,
          "processAfterLoad": undefined,
          "program": undefined,
          "type": "Waiting",
          "unloadIntoQueue": undefined,
        },
        "jobUnique": "aaa-offline-2018-01-01",
        "lastCompletedMachiningRouteStopIndex": undefined,
        "location": {
          "currentQueue": "Queue1",
          "face": undefined,
          "pallet": undefined,
          "queuePosition": 0,
          "type": "InQueue",
        },
        "materialID": 104289,
        "partName": "aaa",
        "path": 1,
        "process": 1,
        "serial": "MRYHE",
        "signaledInspections": [],
        "workorderId": undefined,
      },
      {
        "action": {
          "elapsedLoadUnloadTime": undefined,
          "elapsedMachiningTime": undefined,
          "expectedRemainingMachiningTime": undefined,
          "loadOntoFace": undefined,
          "loadOntoPallet": undefined,
          "pathAfterLoad": undefined,
          "processAfterLoad": undefined,
          "program": undefined,
          "type": "Waiting",
          "unloadIntoQueue": undefined,
        },
        "jobUnique": "xxx-offline-2018-01-01",
        "lastCompletedMachiningRouteStopIndex": undefined,
        "location": {
          "currentQueue": "Queue1",
          "face": undefined,
          "pallet": undefined,
          "queuePosition": 1,
          "type": "InQueue",
        },
        "materialID": 104458,
        "partName": "xxx",
        "path": 1,
        "process": 1,
        "serial": "NBVHA",
        "signaledInspections": [],
        "workorderId": undefined,
      },
    ],
    "queueName": "Queue1",
    "type": "Bin_Quarantine",
  },
  {
    "binId": "Queue2",
    "material": [
      {
        "action": {
          "elapsedLoadUnloadTime": undefined,
          "elapsedMachiningTime": undefined,
          "expectedRemainingMachiningTime": undefined,
          "loadOntoFace": undefined,
          "loadOntoPallet": undefined,
          "pathAfterLoad": undefined,
          "processAfterLoad": undefined,
          "program": undefined,
          "type": "Waiting",
          "unloadIntoQueue": undefined,
        },
        "jobUnique": "ccc-offline-2018-01-01",
        "lastCompletedMachiningRouteStopIndex": undefined,
        "location": {
          "currentQueue": "Queue2",
          "face": undefined,
          "pallet": undefined,
          "queuePosition": 0,
          "type": "InQueue",
        },
        "materialID": 104824,
        "partName": "ccc",
        "path": 1,
        "process": 1,
        "serial": "OBSGQ",
        "signaledInspections": [],
        "workorderId": undefined,
      },
      {
        "action": {
          "elapsedLoadUnloadTime": undefined,
          "elapsedMachiningTime": undefined,
          "expectedRemainingMachiningTime": undefined,
          "loadOntoFace": undefined,
          "loadOntoPallet": undefined,
          "pathAfterLoad": undefined,
          "processAfterLoad": undefined,
          "program": undefined,
          "type": "Waiting",
          "unloadIntoQueue": undefined,
        },
        "jobUnique": "zzz-offline-2018-01-01",
        "lastCompletedMachiningRouteStopIndex": undefined,
        "location": {
          "currentQueue": "Queue2",
          "face": undefined,
          "pallet": undefined,
          "queuePosition": 1,
          "type": "InQueue",
        },
        "materialID": 105125,
        "partName": "zzz",
        "path": 1,
        "process": 1,
        "serial": "MJSGU",
        "signaledInspections": [],
        "workorderId": undefined,
      },
    ],
    "queueName": "Queue2",
    "type": "Bin_Quarantine",
  },
]
`;
