// Jest Snapshot v1, https://goo.gl/fbAQLP

exports[`computes part costs: cost calcs 1`] = `
Array [
  Object {
    "automation_cost": 821.917808219178,
    "labor_cost": 1398286.2736752501,
    "machine_cost": 32.95329590935028,
    "part": "aaa",
    "parts_completed": 414,
  },
  Object {
    "automation_cost": 821.917808219178,
    "labor_cost": 1606364.5882102575,
    "machine_cost": 42.13706088111057,
    "part": "bbb",
    "parts_completed": 480,
  },
  Object {
    "automation_cost": 821.917808219178,
    "labor_cost": 1629669.3594381784,
    "machine_cost": 98.26228909757042,
    "part": "ccc",
    "parts_completed": 491,
  },
  Object {
    "automation_cost": 821.917808219178,
    "labor_cost": 1100318.1272611192,
    "machine_cost": 41.8446189981095,
    "part": "xxx",
    "parts_completed": 658,
  },
  Object {
    "automation_cost": 821.917808219178,
    "labor_cost": 1408274.0327729303,
    "machine_cost": 76.65246871208149,
    "part": "yyy",
    "parts_completed": 844,
  },
  Object {
    "automation_cost": 821.917808219178,
    "labor_cost": 679167.6186422643,
    "machine_cost": 113.84889653876404,
    "part": "zzz",
    "parts_completed": 407,
  },
]
`;

exports[`computes part costs: cost clipboard table 1`] = `
<div>
  <table>
    

    <thead>
      <tr>
        <th>
          Part
        </th>
        <th>
          Completed Quantity
        </th>
        <th>
          Machine Cost
        </th>
        <th>
          Labor Cost
        </th>
        <th>
          Automation Cost
        </th>
        <th>
          Total
        </th>
      </tr>
    </thead>
    

    <tbody>
      

      <tr>
        <td>
          aaa
        </td>
        <td>
          414
        </td>
        <td>
          0.1
        </td>
        <td>
          3,377.5
        </td>
        <td>
          2
        </td>
        <td>
          3,379.6
        </td>
      </tr>
      

      <tr>
        <td>
          bbb
        </td>
        <td>
          480
        </td>
        <td>
          0.1
        </td>
        <td>
          3,346.6
        </td>
        <td>
          1.7
        </td>
        <td>
          3,348.4
        </td>
      </tr>
      

      <tr>
        <td>
          ccc
        </td>
        <td>
          491
        </td>
        <td>
          0.2
        </td>
        <td>
          3,319.1
        </td>
        <td>
          1.7
        </td>
        <td>
          3,321
        </td>
      </tr>
      

      <tr>
        <td>
          xxx
        </td>
        <td>
          658
        </td>
        <td>
          0.1
        </td>
        <td>
          1,672.2
        </td>
        <td>
          1.2
        </td>
        <td>
          1,673.5
        </td>
      </tr>
      

      <tr>
        <td>
          yyy
        </td>
        <td>
          844
        </td>
        <td>
          0.1
        </td>
        <td>
          1,668.6
        </td>
        <td>
          1
        </td>
        <td>
          1,669.6
        </td>
      </tr>
      

      <tr>
        <td>
          zzz
        </td>
        <td>
          407
        </td>
        <td>
          0.3
        </td>
        <td>
          1,668.7
        </td>
        <td>
          2
        </td>
        <td>
          1,671
        </td>
      </tr>
      

    </tbody>
    

  </table>
</div>
`;
