// Jest Snapshot v1, https://goo.gl/fbAQLP

exports[`computes part costs: cost calcs 1`] = `
Object {
  "automationCostForPeriod": 821.917808219178,
  "machineCostForPeriod": Map {
    "L/U" => 0,
    "Machine" => 405.6986301369863,
  },
  "parts": Array [
    Object {
      "automation_pct": 0.17792543373938724,
      "labor": Object {
        "cost": 1298080.9620340148,
        "percent": 0.16595086754853117,
      },
      "machine": Object {
        "cost": 25.028715264782612,
        "pctPerStat": Map {
          "Machine" => 0.06169287595654817,
        },
      },
      "part": "aaa",
      "parts_completed": 240,
    },
    Object {
      "automation_pct": 0.22702104097452935,
      "labor": Object {
        "cost": 1655523.5457825116,
        "percent": 0.21164748325030064,
      },
      "machine": Object {
        "cost": 35.69171683676357,
        "pctPerStat": Map {
          "Machine" => 0.08797593628726838,
        },
      },
      "part": "bbb",
      "parts_completed": 307,
    },
    Object {
      "automation_pct": 0.28313030638612036,
      "labor": Object {
        "cost": 2064029.3557807938,
        "percent": 0.26387218690946573,
      },
      "machine": Object {
        "cost": 103.00064967242038,
        "pctPerStat": Map {
          "Machine" => 0.253884637563705,
        },
      },
      "part": "ccc",
      "parts_completed": 383,
    },
    Object {
      "automation_pct": 0.14839424141749724,
      "labor": Object {
        "cost": 1083077.904140182,
        "percent": 0.1384641814121285,
      },
      "machine": Object {
        "cost": 53.068413302677975,
        "pctPerStat": Map {
          "Machine" => 0.13080747471284077,
        },
      },
      "part": "xxx",
      "parts_completed": 402,
    },
    Object {
      "automation_pct": 0.07235142118863049,
      "labor": Object {
        "cost": 1056202.521903453,
        "percent": 0.13502834564507815,
      },
      "machine": Object {
        "cost": 71.32273347482516,
        "pctPerStat": Map {
          "Machine" => 0.1758022536352727,
        },
      },
      "part": "yyy",
      "parts_completed": 392,
    },
    Object {
      "automation_pct": 0.09117755629383537,
      "labor": Object {
        "cost": 665165.7103590448,
        "percent": 0.08503693523449579,
      },
      "machine": Object {
        "cost": 117.58640158551671,
        "pctPerStat": Map {
          "Machine" => 0.2898368218443652,
        },
      },
      "part": "zzz",
      "parts_completed": 247,
    },
  ],
  "totalLaborCostForPeriod": 7822080,
}
`;

exports[`computes part costs: cost clipboard table 1`] = `
<div>
  <table>
    

    <thead>
      <tr>
        <th>
          Part
        </th>
        <th>
          Completed Quantity
        </th>
        <th>
          Machine Cost
        </th>
        <th>
          Labor Cost
        </th>
        <th>
          Automation Cost
        </th>
        <th>
          Total
        </th>
      </tr>
    </thead>
    

    <tbody>
      

      <tr>
        <td>
          aaa
        </td>
        <td>
          240
        </td>
        <td>
          0.1
        </td>
        <td>
          5,408.7
        </td>
        <td>
          0.6
        </td>
        <td>
          5,409.4
        </td>
      </tr>
      

      <tr>
        <td>
          bbb
        </td>
        <td>
          307
        </td>
        <td>
          0.1
        </td>
        <td>
          5,392.6
        </td>
        <td>
          0.6
        </td>
        <td>
          5,393.3
        </td>
      </tr>
      

      <tr>
        <td>
          ccc
        </td>
        <td>
          383
        </td>
        <td>
          0.3
        </td>
        <td>
          5,389.1
        </td>
        <td>
          0.6
        </td>
        <td>
          5,390
        </td>
      </tr>
      

      <tr>
        <td>
          xxx
        </td>
        <td>
          402
        </td>
        <td>
          0.1
        </td>
        <td>
          2,694.2
        </td>
        <td>
          0.3
        </td>
        <td>
          2,694.7
        </td>
      </tr>
      

      <tr>
        <td>
          yyy
        </td>
        <td>
          392
        </td>
        <td>
          0.2
        </td>
        <td>
          2,694.4
        </td>
        <td>
          0.2
        </td>
        <td>
          2,694.7
        </td>
      </tr>
      

      <tr>
        <td>
          zzz
        </td>
        <td>
          247
        </td>
        <td>
          0.5
        </td>
        <td>
          2,693
        </td>
        <td>
          0.3
        </td>
        <td>
          2,693.8
        </td>
      </tr>
      

    </tbody>
    

  </table>
</div>
`;
