// Jest Snapshot v1, https://goo.gl/fbAQLP

exports[`computes part costs: cost calcs 1`] = `
Array [
  Object {
    "automation_cost": 821.917808219178,
    "labor_cost": 1396412.7034232696,
    "machine_cost": 32.83108410848132,
    "part": "aaa",
    "parts_completed": 414,
  },
  Object {
    "automation_cost": 821.917808219178,
    "labor_cost": 1606625.3684547297,
    "machine_cost": 41.97249601841517,
    "part": "bbb",
    "parts_completed": 480,
  },
  Object {
    "automation_cost": 821.917808219178,
    "labor_cost": 1629982.331236003,
    "machine_cost": 98.38348705182466,
    "part": "ccc",
    "parts_completed": 491,
  },
  Object {
    "automation_cost": 821.917808219178,
    "labor_cost": 1099445.6052042232,
    "machine_cost": 41.9161595369218,
    "part": "xxx",
    "parts_completed": 658,
  },
  Object {
    "automation_cost": 821.917808219178,
    "labor_cost": 1409759.539298283,
    "machine_cost": 76.69030706516801,
    "part": "yyy",
    "parts_completed": 844,
  },
  Object {
    "automation_cost": 821.917808219178,
    "labor_cost": 679854.4523834914,
    "machine_cost": 113.90509635617538,
    "part": "zzz",
    "parts_completed": 407,
  },
]
`;

exports[`computes part costs: cost clipboard table 1`] = `
<div>
  <table>
    

    <thead>
      <tr>
        <th>
          Part
        </th>
        <th>
          Completed Quantity
        </th>
        <th>
          Machine Cost
        </th>
        <th>
          Labor Cost
        </th>
        <th>
          Automation Cost
        </th>
        <th>
          Total
        </th>
      </tr>
    </thead>
    

    <tbody>
      

      <tr>
        <td>
          aaa
        </td>
        <td>
          414
        </td>
        <td>
          0.1
        </td>
        <td>
          3,373
        </td>
        <td>
          2
        </td>
        <td>
          3,375
        </td>
      </tr>
      

      <tr>
        <td>
          bbb
        </td>
        <td>
          480
        </td>
        <td>
          0.1
        </td>
        <td>
          3,347.1
        </td>
        <td>
          1.7
        </td>
        <td>
          3,348.9
        </td>
      </tr>
      

      <tr>
        <td>
          ccc
        </td>
        <td>
          491
        </td>
        <td>
          0.2
        </td>
        <td>
          3,319.7
        </td>
        <td>
          1.7
        </td>
        <td>
          3,321.6
        </td>
      </tr>
      

      <tr>
        <td>
          xxx
        </td>
        <td>
          658
        </td>
        <td>
          0.1
        </td>
        <td>
          1,670.9
        </td>
        <td>
          1.2
        </td>
        <td>
          1,672.2
        </td>
      </tr>
      

      <tr>
        <td>
          yyy
        </td>
        <td>
          844
        </td>
        <td>
          0.1
        </td>
        <td>
          1,670.3
        </td>
        <td>
          1
        </td>
        <td>
          1,671.4
        </td>
      </tr>
      

      <tr>
        <td>
          zzz
        </td>
        <td>
          407
        </td>
        <td>
          0.3
        </td>
        <td>
          1,670.4
        </td>
        <td>
          2
        </td>
        <td>
          1,672.7
        </td>
      </tr>
      

    </tbody>
    

  </table>
</div>
`;
