// Vitest Snapshot v1

exports[`converts events to points > points for sample jobs 1`] = `
{
  "jobs": [
    {
      "completed": 51.25,
      "completedCount": 41,
      "idx": 1,
      "part": "part1-1",
      "totalCount": 82,
      "totalPlan": 102.5,
      "workorders": "",
    },
    {
      "completed": 16.5,
      "completedCount": 22,
      "idx": 0,
      "part": "part1-2",
      "totalCount": 82,
      "totalPlan": 61.5,
      "workorders": "",
    },
  ],
  "longestPartName": 7,
}
`;
