// Jest Snapshot v1, https://goo.gl/fbAQLP

exports[`renders the cost/piece page: calculated costs 1`] = `
<table
  class="MuiTable-root"
  data-testid="part-cost-table"
>
  <thead
    class="MuiTableHead-root"
  >
    <tr
      class="MuiTableRow-root MuiTableRow-head"
    >
      <th
        class="MuiTableCell-root MuiTableCell-head"
        scope="col"
      >
        Part
      </th>
      <th
        class="MuiTableCell-root MuiTableCell-head"
        scope="col"
      >
        Material Cost
      </th>
      <th
        class="MuiTableCell-root MuiTableCell-head"
        scope="col"
      >
        Machine Cost
      </th>
      <th
        class="MuiTableCell-root MuiTableCell-head"
        scope="col"
      >
        Labor Cost
      </th>
      <th
        class="MuiTableCell-root MuiTableCell-head"
        scope="col"
      >
        Automation Cost
      </th>
      <th
        class="MuiTableCell-root MuiTableCell-head"
        scope="col"
      >
        Total
      </th>
    </tr>
  </thead>
  <tbody
    class="MuiTableBody-root"
  >
    <tr
      class="MuiTableRow-root"
    >
      <td
        class="MuiTableCell-root MuiTableCell-body"
      >
        aaa
      </td>
      <td
        class="MuiTableCell-root MuiTableCell-body"
      >
        <div
          class="MuiFormControl-root MuiTextField-root"
        >
          <div
            class="MuiInputBase-root MuiInput-root MuiInput-underline MuiInputBase-formControl MuiInput-formControl"
          >
            <input
              aria-invalid="false"
              class="MuiInputBase-input MuiInput-input"
              min="0"
              type="number"
              value="40"
            />
          </div>
        </div>
      </td>
      <td
        class="MuiTableCell-root MuiTableCell-body"
      >
        0.4
      </td>
      <td
        class="MuiTableCell-root MuiTableCell-body"
      >
        23.9
      </td>
      <td
        class="MuiTableCell-root MuiTableCell-body"
      >
        0.1
      </td>
      <td
        class="MuiTableCell-root MuiTableCell-body"
      >
        64.4
      </td>
    </tr>
    <tr
      class="MuiTableRow-root"
    >
      <td
        class="MuiTableCell-root MuiTableCell-body"
      >
        bbb
      </td>
      <td
        class="MuiTableCell-root MuiTableCell-body"
      >
        <div
          class="MuiFormControl-root MuiTextField-root"
        >
          <div
            class="MuiInputBase-root MuiInput-root MuiInput-underline MuiInputBase-formControl MuiInput-formControl"
          >
            <input
              aria-invalid="false"
              class="MuiInputBase-input MuiInput-input"
              min="0"
              type="number"
              value="0"
            />
          </div>
        </div>
      </td>
      <td
        class="MuiTableCell-root MuiTableCell-body"
      >
        0.5
      </td>
      <td
        class="MuiTableCell-root MuiTableCell-body"
      >
        23.8
      </td>
      <td
        class="MuiTableCell-root MuiTableCell-body"
      >
        0.1
      </td>
      <td
        class="MuiTableCell-root MuiTableCell-body"
      >
        24.4
      </td>
    </tr>
    <tr
      class="MuiTableRow-root"
    >
      <td
        class="MuiTableCell-root MuiTableCell-body"
      >
        ccc
      </td>
      <td
        class="MuiTableCell-root MuiTableCell-body"
      >
        <div
          class="MuiFormControl-root MuiTextField-root"
        >
          <div
            class="MuiInputBase-root MuiInput-root MuiInput-underline MuiInputBase-formControl MuiInput-formControl"
          >
            <input
              aria-invalid="false"
              class="MuiInputBase-input MuiInput-input"
              min="0"
              type="number"
              value="0"
            />
          </div>
        </div>
      </td>
      <td
        class="MuiTableCell-root MuiTableCell-body"
      >
        1.1
      </td>
      <td
        class="MuiTableCell-root MuiTableCell-body"
      >
        23.8
      </td>
      <td
        class="MuiTableCell-root MuiTableCell-body"
      >
        0.2
      </td>
      <td
        class="MuiTableCell-root MuiTableCell-body"
      >
        25
      </td>
    </tr>
    <tr
      class="MuiTableRow-root"
    >
      <td
        class="MuiTableCell-root MuiTableCell-body"
      >
        xxx
      </td>
      <td
        class="MuiTableCell-root MuiTableCell-body"
      >
        <div
          class="MuiFormControl-root MuiTextField-root"
        >
          <div
            class="MuiInputBase-root MuiInput-root MuiInput-underline MuiInputBase-formControl MuiInput-formControl"
          >
            <input
              aria-invalid="false"
              class="MuiInputBase-input MuiInput-input"
              min="0"
              type="number"
              value="0"
            />
          </div>
        </div>
      </td>
      <td
        class="MuiTableCell-root MuiTableCell-body"
      >
        0.7
      </td>
      <td
        class="MuiTableCell-root MuiTableCell-body"
      >
        23.9
      </td>
      <td
        class="MuiTableCell-root MuiTableCell-body"
      >
        0.3
      </td>
      <td
        class="MuiTableCell-root MuiTableCell-body"
      >
        24.8
      </td>
    </tr>
    <tr
      class="MuiTableRow-root"
    >
      <td
        class="MuiTableCell-root MuiTableCell-body"
      >
        yyy
      </td>
      <td
        class="MuiTableCell-root MuiTableCell-body"
      >
        <div
          class="MuiFormControl-root MuiTextField-root"
        >
          <div
            class="MuiInputBase-root MuiInput-root MuiInput-underline MuiInputBase-formControl MuiInput-formControl"
          >
            <input
              aria-invalid="false"
              class="MuiInputBase-input MuiInput-input"
              min="0"
              type="number"
              value="0"
            />
          </div>
        </div>
      </td>
      <td
        class="MuiTableCell-root MuiTableCell-body"
      >
        1
      </td>
      <td
        class="MuiTableCell-root MuiTableCell-body"
      >
        23.8
      </td>
      <td
        class="MuiTableCell-root MuiTableCell-body"
      >
        0.1
      </td>
      <td
        class="MuiTableCell-root MuiTableCell-body"
      >
        24.9
      </td>
    </tr>
    <tr
      class="MuiTableRow-root"
    >
      <td
        class="MuiTableCell-root MuiTableCell-body"
      >
        zzz
      </td>
      <td
        class="MuiTableCell-root MuiTableCell-body"
      >
        <div
          class="MuiFormControl-root MuiTextField-root"
        >
          <div
            class="MuiInputBase-root MuiInput-root MuiInput-underline MuiInputBase-formControl MuiInput-formControl"
          >
            <input
              aria-invalid="false"
              class="MuiInputBase-input MuiInput-input"
              min="0"
              type="number"
              value="0"
            />
          </div>
        </div>
      </td>
      <td
        class="MuiTableCell-root MuiTableCell-body"
      >
        2.9
      </td>
      <td
        class="MuiTableCell-root MuiTableCell-body"
      >
        23.8
      </td>
      <td
        class="MuiTableCell-root MuiTableCell-body"
      >
        0.3
      </td>
      <td
        class="MuiTableCell-root MuiTableCell-body"
      >
        27
      </td>
    </tr>
  </tbody>
</table>
`;
