// Jest Snapshot v1, https://goo.gl/fbAQLP

exports[`displays a cycle chart: cycle chart 1`] = `
<div>
  <div>
    <div
      style="width: 100%; height: 100%;"
    >
      <div
        class="rv-xy-plot "
        style="width: 0px; height: 568px;"
      >
        <svg
          class="rv-xy-plot__inner"
          height="568"
          width="0"
        >
          <g
            class="rv-xy-plot__grid-lines"
            transform="translate(40,10)"
          >
            <line
              class="rv-xy-plot__grid-lines__line"
              x1="-2.663934426229508"
              x2="-2.663934426229508"
              y1="0"
              y2="508"
            />
            <line
              class="rv-xy-plot__grid-lines__line"
              x1="-8.401639344262295"
              x2="-8.401639344262295"
              y1="0"
              y2="508"
            />
            <line
              class="rv-xy-plot__grid-lines__line"
              x1="-14.139344262295081"
              x2="-14.139344262295081"
              y1="0"
              y2="508"
            />
            <line
              class="rv-xy-plot__grid-lines__line"
              x1="-19.87704918032787"
              x2="-19.87704918032787"
              y1="0"
              y2="508"
            />
            <line
              class="rv-xy-plot__grid-lines__line"
              x1="-25.614754098360653"
              x2="-25.614754098360653"
              y1="0"
              y2="508"
            />
            <line
              class="rv-xy-plot__grid-lines__line"
              x1="-31.352459016393443"
              x2="-31.352459016393443"
              y1="0"
              y2="508"
            />
            <line
              class="rv-xy-plot__grid-lines__line"
              x1="-37.05601092896175"
              x2="-37.05601092896175"
              y1="0"
              y2="508"
            />
            <line
              class="rv-xy-plot__grid-lines__line"
              x1="-42.79371584699454"
              x2="-42.79371584699454"
              y1="0"
              y2="508"
            />
            <line
              class="rv-xy-plot__grid-lines__line"
              x1="-48.53142076502732"
              x2="-48.53142076502732"
              y1="0"
              y2="508"
            />
          </g>
          <g
            class="rv-xy-plot__grid-lines"
            transform="translate(40,10)"
          >
            <line
              class="rv-xy-plot__grid-lines__line"
              x1="0"
              x2="-50"
              y1="508"
              y2="508"
            />
            <line
              class="rv-xy-plot__grid-lines__line"
              x1="0"
              x2="-50"
              y1="458.19607843137254"
              y2="458.19607843137254"
            />
            <line
              class="rv-xy-plot__grid-lines__line"
              x1="0"
              x2="-50"
              y1="408.3921568627451"
              y2="408.3921568627451"
            />
            <line
              class="rv-xy-plot__grid-lines__line"
              x1="0"
              x2="-50"
              y1="358.5882352941177"
              y2="358.5882352941177"
            />
            <line
              class="rv-xy-plot__grid-lines__line"
              x1="0"
              x2="-50"
              y1="308.78431372549016"
              y2="308.78431372549016"
            />
            <line
              class="rv-xy-plot__grid-lines__line"
              x1="0"
              x2="-50"
              y1="258.98039215686276"
              y2="258.98039215686276"
            />
            <line
              class="rv-xy-plot__grid-lines__line"
              x1="0"
              x2="-50"
              y1="209.1764705882353"
              y2="209.1764705882353"
            />
            <line
              class="rv-xy-plot__grid-lines__line"
              x1="0"
              x2="-50"
              y1="159.37254901960785"
              y2="159.37254901960785"
            />
            <line
              class="rv-xy-plot__grid-lines__line"
              x1="0"
              x2="-50"
              y1="109.56862745098039"
              y2="109.56862745098039"
            />
            <line
              class="rv-xy-plot__grid-lines__line"
              x1="0"
              x2="-50"
              y1="59.76470588235293"
              y2="59.76470588235293"
            />
            <line
              class="rv-xy-plot__grid-lines__line"
              x1="0"
              x2="-50"
              y1="9.960784313725526"
              y2="9.960784313725526"
            />
          </g>
          <g
            class="rv-xy-plot__axis rv-xy-plot__axis--horizontal "
            transform="translate(40,518)"
          >
            <line
              class="rv-xy-plot__axis__line"
              x1="0"
              x2="-50"
              y1="0"
              y2="0"
            />
            <g
              class="rv-xy-plot__axis__ticks"
              transform="translate(0, 0)"
            >
              <g
                class="rv-xy-plot__axis__tick"
                transform="translate(-2.663934426229508, 0)"
              >
                <line
                  class="rv-xy-plot__axis__tick__line"
                  x1="0"
                  x2="0"
                  y1="-6"
                  y2="6"
                />
                <text
                  class="rv-xy-plot__axis__tick__text"
                  dy="0"
                  text-anchor="end"
                  transform="translate(0, 14) rotate(-45)"
                >
                  Feb 04
                </text>
              </g>
              <g
                class="rv-xy-plot__axis__tick"
                transform="translate(-8.401639344262295, 0)"
              >
                <line
                  class="rv-xy-plot__axis__tick__line"
                  x1="0"
                  x2="0"
                  y1="-6"
                  y2="6"
                />
                <text
                  class="rv-xy-plot__axis__tick__text"
                  dy="0"
                  text-anchor="end"
                  transform="translate(0, 14) rotate(-45)"
                >
                  Feb 11
                </text>
              </g>
              <g
                class="rv-xy-plot__axis__tick"
                transform="translate(-14.139344262295081, 0)"
              >
                <line
                  class="rv-xy-plot__axis__tick__line"
                  x1="0"
                  x2="0"
                  y1="-6"
                  y2="6"
                />
                <text
                  class="rv-xy-plot__axis__tick__text"
                  dy="0"
                  text-anchor="end"
                  transform="translate(0, 14) rotate(-45)"
                >
                  Feb 18
                </text>
              </g>
              <g
                class="rv-xy-plot__axis__tick"
                transform="translate(-19.87704918032787, 0)"
              >
                <line
                  class="rv-xy-plot__axis__tick__line"
                  x1="0"
                  x2="0"
                  y1="-6"
                  y2="6"
                />
                <text
                  class="rv-xy-plot__axis__tick__text"
                  dy="0"
                  text-anchor="end"
                  transform="translate(0, 14) rotate(-45)"
                >
                  Feb 25
                </text>
              </g>
              <g
                class="rv-xy-plot__axis__tick"
                transform="translate(-25.614754098360653, 0)"
              >
                <line
                  class="rv-xy-plot__axis__tick__line"
                  x1="0"
                  x2="0"
                  y1="-6"
                  y2="6"
                />
                <text
                  class="rv-xy-plot__axis__tick__text"
                  dy="0"
                  text-anchor="end"
                  transform="translate(0, 14) rotate(-45)"
                >
                  Mar 04
                </text>
              </g>
              <g
                class="rv-xy-plot__axis__tick"
                transform="translate(-31.352459016393443, 0)"
              >
                <line
                  class="rv-xy-plot__axis__tick__line"
                  x1="0"
                  x2="0"
                  y1="-6"
                  y2="6"
                />
                <text
                  class="rv-xy-plot__axis__tick__text"
                  dy="0"
                  text-anchor="end"
                  transform="translate(0, 14) rotate(-45)"
                >
                  Mar 11
                </text>
              </g>
              <g
                class="rv-xy-plot__axis__tick"
                transform="translate(-37.05601092896175, 0)"
              >
                <line
                  class="rv-xy-plot__axis__tick__line"
                  x1="0"
                  x2="0"
                  y1="-6"
                  y2="6"
                />
                <text
                  class="rv-xy-plot__axis__tick__text"
                  dy="0"
                  text-anchor="end"
                  transform="translate(0, 14) rotate(-45)"
                >
                  Mar 18
                </text>
              </g>
              <g
                class="rv-xy-plot__axis__tick"
                transform="translate(-42.79371584699454, 0)"
              >
                <line
                  class="rv-xy-plot__axis__tick__line"
                  x1="0"
                  x2="0"
                  y1="-6"
                  y2="6"
                />
                <text
                  class="rv-xy-plot__axis__tick__text"
                  dy="0"
                  text-anchor="end"
                  transform="translate(0, 14) rotate(-45)"
                >
                  Mar 25
                </text>
              </g>
              <g
                class="rv-xy-plot__axis__tick"
                transform="translate(-48.53142076502732, 0)"
              >
                <line
                  class="rv-xy-plot__axis__tick__line"
                  x1="0"
                  x2="0"
                  y1="-6"
                  y2="6"
                />
                <text
                  class="rv-xy-plot__axis__tick__text"
                  dy="0"
                  text-anchor="end"
                  transform="translate(0, 14) rotate(-45)"
                >
                  April
                </text>
              </g>
            </g>
          </g>
          <g
            class="rv-xy-plot__axis rv-xy-plot__axis--vertical "
            transform="translate(0,10)"
          >
            <line
              class="rv-xy-plot__axis__line"
              x1="40"
              x2="40"
              y1="0"
              y2="508"
            />
            <g
              class="rv-xy-plot__axis__ticks"
              transform="translate(40, 0)"
            >
              <g
                class="rv-xy-plot__axis__tick"
                transform="translate(0, 508)"
              >
                <line
                  class="rv-xy-plot__axis__tick__line"
                  x1="6"
                  x2="-6"
                  y1="0"
                  y2="0"
                />
                <text
                  class="rv-xy-plot__axis__tick__text"
                  dy="0.32em"
                  text-anchor="end"
                  transform="translate(-14, 0)"
                >
                  15
                </text>
              </g>
              <g
                class="rv-xy-plot__axis__tick"
                transform="translate(0, 458.19607843137254)"
              >
                <line
                  class="rv-xy-plot__axis__tick__line"
                  x1="6"
                  x2="-6"
                  y1="0"
                  y2="0"
                />
                <text
                  class="rv-xy-plot__axis__tick__text"
                  dy="0.32em"
                  text-anchor="end"
                  transform="translate(-14, 0)"
                >
                  20
                </text>
              </g>
              <g
                class="rv-xy-plot__axis__tick"
                transform="translate(0, 408.3921568627451)"
              >
                <line
                  class="rv-xy-plot__axis__tick__line"
                  x1="6"
                  x2="-6"
                  y1="0"
                  y2="0"
                />
                <text
                  class="rv-xy-plot__axis__tick__text"
                  dy="0.32em"
                  text-anchor="end"
                  transform="translate(-14, 0)"
                >
                  25
                </text>
              </g>
              <g
                class="rv-xy-plot__axis__tick"
                transform="translate(0, 358.5882352941177)"
              >
                <line
                  class="rv-xy-plot__axis__tick__line"
                  x1="6"
                  x2="-6"
                  y1="0"
                  y2="0"
                />
                <text
                  class="rv-xy-plot__axis__tick__text"
                  dy="0.32em"
                  text-anchor="end"
                  transform="translate(-14, 0)"
                >
                  30
                </text>
              </g>
              <g
                class="rv-xy-plot__axis__tick"
                transform="translate(0, 308.78431372549016)"
              >
                <line
                  class="rv-xy-plot__axis__tick__line"
                  x1="6"
                  x2="-6"
                  y1="0"
                  y2="0"
                />
                <text
                  class="rv-xy-plot__axis__tick__text"
                  dy="0.32em"
                  text-anchor="end"
                  transform="translate(-14, 0)"
                >
                  35
                </text>
              </g>
              <g
                class="rv-xy-plot__axis__tick"
                transform="translate(0, 258.98039215686276)"
              >
                <line
                  class="rv-xy-plot__axis__tick__line"
                  x1="6"
                  x2="-6"
                  y1="0"
                  y2="0"
                />
                <text
                  class="rv-xy-plot__axis__tick__text"
                  dy="0.32em"
                  text-anchor="end"
                  transform="translate(-14, 0)"
                >
                  40
                </text>
              </g>
              <g
                class="rv-xy-plot__axis__tick"
                transform="translate(0, 209.1764705882353)"
              >
                <line
                  class="rv-xy-plot__axis__tick__line"
                  x1="6"
                  x2="-6"
                  y1="0"
                  y2="0"
                />
                <text
                  class="rv-xy-plot__axis__tick__text"
                  dy="0.32em"
                  text-anchor="end"
                  transform="translate(-14, 0)"
                >
                  45
                </text>
              </g>
              <g
                class="rv-xy-plot__axis__tick"
                transform="translate(0, 159.37254901960785)"
              >
                <line
                  class="rv-xy-plot__axis__tick__line"
                  x1="6"
                  x2="-6"
                  y1="0"
                  y2="0"
                />
                <text
                  class="rv-xy-plot__axis__tick__text"
                  dy="0.32em"
                  text-anchor="end"
                  transform="translate(-14, 0)"
                >
                  50
                </text>
              </g>
              <g
                class="rv-xy-plot__axis__tick"
                transform="translate(0, 109.56862745098039)"
              >
                <line
                  class="rv-xy-plot__axis__tick__line"
                  x1="6"
                  x2="-6"
                  y1="0"
                  y2="0"
                />
                <text
                  class="rv-xy-plot__axis__tick__text"
                  dy="0.32em"
                  text-anchor="end"
                  transform="translate(-14, 0)"
                >
                  55
                </text>
              </g>
              <g
                class="rv-xy-plot__axis__tick"
                transform="translate(0, 59.76470588235293)"
              >
                <line
                  class="rv-xy-plot__axis__tick__line"
                  x1="6"
                  x2="-6"
                  y1="0"
                  y2="0"
                />
                <text
                  class="rv-xy-plot__axis__tick__text"
                  dy="0.32em"
                  text-anchor="end"
                  transform="translate(-14, 0)"
                >
                  60
                </text>
              </g>
              <g
                class="rv-xy-plot__axis__tick"
                transform="translate(0, 9.960784313725526)"
              >
                <line
                  class="rv-xy-plot__axis__tick__line"
                  x1="6"
                  x2="-6"
                  y1="0"
                  y2="0"
                />
                <text
                  class="rv-xy-plot__axis__tick__text"
                  dy="0.32em"
                  text-anchor="end"
                  transform="translate(-14, 0)"
                >
                  65
                </text>
              </g>
            </g>
          </g>
          <g
            class="rv-xy-plot__series rv-xy-plot__series--mark undefined"
            transform="translate(40,10)"
          >
            <circle
              cx="0"
              cy="508"
              r="5"
              style="opacity: 1; stroke: #12939A; fill: #12939A; stroke-width: 1;"
            />
            <circle
              cx="-0.819672131147541"
              cy="0"
              r="5"
              style="opacity: 1; stroke: #12939A; fill: #12939A; stroke-width: 1;"
            />
          </g>
          <g
            class="rv-xy-plot__series rv-xy-plot__series--mark undefined"
            transform="translate(40,10)"
          >
            <circle
              cx="-23.770491803278688"
              cy="508"
              r="5"
              style="opacity: 1; stroke: #79C7E3; fill: #79C7E3; stroke-width: 1;"
            />
            <circle
              cx="-24.59016393442623"
              cy="109.56862745098039"
              r="5"
              style="opacity: 1; stroke: #79C7E3; fill: #79C7E3; stroke-width: 1;"
            />
          </g>
          <g
            class="rv-xy-plot__series rv-xy-plot__series--mark undefined"
            transform="translate(40,10)"
          >
            <circle
              cx="-50"
              cy="508"
              r="5"
              style="opacity: 1; stroke: #1A3177; fill: #1A3177; stroke-width: 1;"
            />
          </g>
        </svg>
      </div>
    </div>
    <div
      style="text-align: center;"
    >
      <div
        class="rv-discrete-color-legend horizontal "
      >
        <div
          class="rv-discrete-color-legend-item horizontal clickable"
        >
          <span
            class="rv-discrete-color-legend-item__color"
            style="background: rgb(18, 147, 154);"
          />
          <span
            class="rv-discrete-color-legend-item__title"
          >
            aaa
          </span>
        </div>
        <div
          class="rv-discrete-color-legend-item horizontal clickable"
        >
          <span
            class="rv-discrete-color-legend-item__color"
            style="background: rgb(121, 199, 227);"
          />
          <span
            class="rv-discrete-color-legend-item__title"
          >
            bbb
          </span>
        </div>
        <div
          class="rv-discrete-color-legend-item horizontal clickable"
        >
          <span
            class="rv-discrete-color-legend-item__color"
            style="background: rgb(26, 49, 119);"
          />
          <span
            class="rv-discrete-color-legend-item__title"
          >
            ccc
          </span>
        </div>
      </div>
    </div>
  </div>
</div>
`;

exports[`displays an empty chart: empty cycle chart 1`] = `
<div>
  <div>
    <div
      style="width: 100%; height: 100%;"
    >
      <div
        class="rv-xy-plot "
        style="width: 0px; height: 568px;"
      >
        <svg
          class="rv-xy-plot__inner"
          height="568"
          width="0"
        >
          <g
            class="rv-xy-plot__grid-lines"
            transform="translate(40,10)"
          >
            <line
              class="rv-xy-plot__grid-lines__line"
              x1="-2.5"
              x2="-2.5"
              y1="0"
              y2="508"
            />
            <line
              class="rv-xy-plot__grid-lines__line"
              x1="-12.5"
              x2="-12.5"
              y1="0"
              y2="508"
            />
            <line
              class="rv-xy-plot__grid-lines__line"
              x1="-22.5"
              x2="-22.5"
              y1="0"
              y2="508"
            />
            <line
              class="rv-xy-plot__grid-lines__line"
              x1="-32.5"
              x2="-32.5"
              y1="0"
              y2="508"
            />
            <line
              class="rv-xy-plot__grid-lines__line"
              x1="-42.5"
              x2="-42.5"
              y1="0"
              y2="508"
            />
          </g>
          <g
            class="rv-xy-plot__grid-lines"
            transform="translate(40,10)"
          >
            <line
              class="rv-xy-plot__grid-lines__line"
              x1="0"
              x2="-50"
              y1="508"
              y2="508"
            />
            <line
              class="rv-xy-plot__grid-lines__line"
              x1="0"
              x2="-50"
              y1="465.6666666666667"
              y2="465.6666666666667"
            />
            <line
              class="rv-xy-plot__grid-lines__line"
              x1="0"
              x2="-50"
              y1="423.33333333333337"
              y2="423.33333333333337"
            />
            <line
              class="rv-xy-plot__grid-lines__line"
              x1="0"
              x2="-50"
              y1="381"
              y2="381"
            />
            <line
              class="rv-xy-plot__grid-lines__line"
              x1="0"
              x2="-50"
              y1="338.6666666666667"
              y2="338.6666666666667"
            />
            <line
              class="rv-xy-plot__grid-lines__line"
              x1="0"
              x2="-50"
              y1="296.3333333333333"
              y2="296.3333333333333"
            />
            <line
              class="rv-xy-plot__grid-lines__line"
              x1="0"
              x2="-50"
              y1="254"
              y2="254"
            />
            <line
              class="rv-xy-plot__grid-lines__line"
              x1="0"
              x2="-50"
              y1="211.66666666666663"
              y2="211.66666666666663"
            />
            <line
              class="rv-xy-plot__grid-lines__line"
              x1="0"
              x2="-50"
              y1="169.33333333333337"
              y2="169.33333333333337"
            />
            <line
              class="rv-xy-plot__grid-lines__line"
              x1="0"
              x2="-50"
              y1="127"
              y2="127"
            />
            <line
              class="rv-xy-plot__grid-lines__line"
              x1="0"
              x2="-50"
              y1="84.66666666666663"
              y2="84.66666666666663"
            />
            <line
              class="rv-xy-plot__grid-lines__line"
              x1="0"
              x2="-50"
              y1="42.33333333333337"
              y2="42.33333333333337"
            />
            <line
              class="rv-xy-plot__grid-lines__line"
              x1="0"
              x2="-50"
              y1="0"
              y2="0"
            />
          </g>
          <g
            class="rv-xy-plot__axis rv-xy-plot__axis--horizontal "
            transform="translate(40,518)"
          >
            <line
              class="rv-xy-plot__axis__line"
              x1="0"
              x2="-50"
              y1="0"
              y2="0"
            />
            <g
              class="rv-xy-plot__axis__ticks"
              transform="translate(0, 0)"
            >
              <g
                class="rv-xy-plot__axis__tick"
                transform="translate(-2.5, 0)"
              >
                <line
                  class="rv-xy-plot__axis__tick__line"
                  x1="0"
                  x2="0"
                  y1="-6"
                  y2="6"
                />
                <text
                  class="rv-xy-plot__axis__tick__text"
                  dy="0"
                  text-anchor="end"
                  transform="translate(0, 14) rotate(-45)"
                >
                  Mon 05
                </text>
              </g>
              <g
                class="rv-xy-plot__axis__tick"
                transform="translate(-12.5, 0)"
              >
                <line
                  class="rv-xy-plot__axis__tick__line"
                  x1="0"
                  x2="0"
                  y1="-6"
                  y2="6"
                />
                <text
                  class="rv-xy-plot__axis__tick__text"
                  dy="0"
                  text-anchor="end"
                  transform="translate(0, 14) rotate(-45)"
                >
                  Tue 06
                </text>
              </g>
              <g
                class="rv-xy-plot__axis__tick"
                transform="translate(-22.5, 0)"
              >
                <line
                  class="rv-xy-plot__axis__tick__line"
                  x1="0"
                  x2="0"
                  y1="-6"
                  y2="6"
                />
                <text
                  class="rv-xy-plot__axis__tick__text"
                  dy="0"
                  text-anchor="end"
                  transform="translate(0, 14) rotate(-45)"
                >
                  Wed 07
                </text>
              </g>
              <g
                class="rv-xy-plot__axis__tick"
                transform="translate(-32.5, 0)"
              >
                <line
                  class="rv-xy-plot__axis__tick__line"
                  x1="0"
                  x2="0"
                  y1="-6"
                  y2="6"
                />
                <text
                  class="rv-xy-plot__axis__tick__text"
                  dy="0"
                  text-anchor="end"
                  transform="translate(0, 14) rotate(-45)"
                >
                  Thu 08
                </text>
              </g>
              <g
                class="rv-xy-plot__axis__tick"
                transform="translate(-42.5, 0)"
              >
                <line
                  class="rv-xy-plot__axis__tick__line"
                  x1="0"
                  x2="0"
                  y1="-6"
                  y2="6"
                />
                <text
                  class="rv-xy-plot__axis__tick__text"
                  dy="0"
                  text-anchor="end"
                  transform="translate(0, 14) rotate(-45)"
                >
                  Fri 09
                </text>
              </g>
            </g>
          </g>
          <g
            class="rv-xy-plot__axis rv-xy-plot__axis--vertical "
            transform="translate(0,10)"
          >
            <line
              class="rv-xy-plot__axis__line"
              x1="40"
              x2="40"
              y1="0"
              y2="508"
            />
            <g
              class="rv-xy-plot__axis__ticks"
              transform="translate(40, 0)"
            >
              <g
                class="rv-xy-plot__axis__tick"
                transform="translate(0, 508)"
              >
                <line
                  class="rv-xy-plot__axis__tick__line"
                  x1="6"
                  x2="-6"
                  y1="0"
                  y2="0"
                />
                <text
                  class="rv-xy-plot__axis__tick__text"
                  dy="0.32em"
                  text-anchor="end"
                  transform="translate(-14, 0)"
                >
                  0
                </text>
              </g>
              <g
                class="rv-xy-plot__axis__tick"
                transform="translate(0, 465.6666666666667)"
              >
                <line
                  class="rv-xy-plot__axis__tick__line"
                  x1="6"
                  x2="-6"
                  y1="0"
                  y2="0"
                />
                <text
                  class="rv-xy-plot__axis__tick__text"
                  dy="0.32em"
                  text-anchor="end"
                  transform="translate(-14, 0)"
                >
                  5
                </text>
              </g>
              <g
                class="rv-xy-plot__axis__tick"
                transform="translate(0, 423.33333333333337)"
              >
                <line
                  class="rv-xy-plot__axis__tick__line"
                  x1="6"
                  x2="-6"
                  y1="0"
                  y2="0"
                />
                <text
                  class="rv-xy-plot__axis__tick__text"
                  dy="0.32em"
                  text-anchor="end"
                  transform="translate(-14, 0)"
                >
                  10
                </text>
              </g>
              <g
                class="rv-xy-plot__axis__tick"
                transform="translate(0, 381)"
              >
                <line
                  class="rv-xy-plot__axis__tick__line"
                  x1="6"
                  x2="-6"
                  y1="0"
                  y2="0"
                />
                <text
                  class="rv-xy-plot__axis__tick__text"
                  dy="0.32em"
                  text-anchor="end"
                  transform="translate(-14, 0)"
                >
                  15
                </text>
              </g>
              <g
                class="rv-xy-plot__axis__tick"
                transform="translate(0, 338.6666666666667)"
              >
                <line
                  class="rv-xy-plot__axis__tick__line"
                  x1="6"
                  x2="-6"
                  y1="0"
                  y2="0"
                />
                <text
                  class="rv-xy-plot__axis__tick__text"
                  dy="0.32em"
                  text-anchor="end"
                  transform="translate(-14, 0)"
                >
                  20
                </text>
              </g>
              <g
                class="rv-xy-plot__axis__tick"
                transform="translate(0, 296.3333333333333)"
              >
                <line
                  class="rv-xy-plot__axis__tick__line"
                  x1="6"
                  x2="-6"
                  y1="0"
                  y2="0"
                />
                <text
                  class="rv-xy-plot__axis__tick__text"
                  dy="0.32em"
                  text-anchor="end"
                  transform="translate(-14, 0)"
                >
                  25
                </text>
              </g>
              <g
                class="rv-xy-plot__axis__tick"
                transform="translate(0, 254)"
              >
                <line
                  class="rv-xy-plot__axis__tick__line"
                  x1="6"
                  x2="-6"
                  y1="0"
                  y2="0"
                />
                <text
                  class="rv-xy-plot__axis__tick__text"
                  dy="0.32em"
                  text-anchor="end"
                  transform="translate(-14, 0)"
                >
                  30
                </text>
              </g>
              <g
                class="rv-xy-plot__axis__tick"
                transform="translate(0, 211.66666666666663)"
              >
                <line
                  class="rv-xy-plot__axis__tick__line"
                  x1="6"
                  x2="-6"
                  y1="0"
                  y2="0"
                />
                <text
                  class="rv-xy-plot__axis__tick__text"
                  dy="0.32em"
                  text-anchor="end"
                  transform="translate(-14, 0)"
                >
                  35
                </text>
              </g>
              <g
                class="rv-xy-plot__axis__tick"
                transform="translate(0, 169.33333333333337)"
              >
                <line
                  class="rv-xy-plot__axis__tick__line"
                  x1="6"
                  x2="-6"
                  y1="0"
                  y2="0"
                />
                <text
                  class="rv-xy-plot__axis__tick__text"
                  dy="0.32em"
                  text-anchor="end"
                  transform="translate(-14, 0)"
                >
                  40
                </text>
              </g>
              <g
                class="rv-xy-plot__axis__tick"
                transform="translate(0, 127)"
              >
                <line
                  class="rv-xy-plot__axis__tick__line"
                  x1="6"
                  x2="-6"
                  y1="0"
                  y2="0"
                />
                <text
                  class="rv-xy-plot__axis__tick__text"
                  dy="0.32em"
                  text-anchor="end"
                  transform="translate(-14, 0)"
                >
                  45
                </text>
              </g>
              <g
                class="rv-xy-plot__axis__tick"
                transform="translate(0, 84.66666666666663)"
              >
                <line
                  class="rv-xy-plot__axis__tick__line"
                  x1="6"
                  x2="-6"
                  y1="0"
                  y2="0"
                />
                <text
                  class="rv-xy-plot__axis__tick__text"
                  dy="0.32em"
                  text-anchor="end"
                  transform="translate(-14, 0)"
                >
                  50
                </text>
              </g>
              <g
                class="rv-xy-plot__axis__tick"
                transform="translate(0, 42.33333333333337)"
              >
                <line
                  class="rv-xy-plot__axis__tick__line"
                  x1="6"
                  x2="-6"
                  y1="0"
                  y2="0"
                />
                <text
                  class="rv-xy-plot__axis__tick__text"
                  dy="0.32em"
                  text-anchor="end"
                  transform="translate(-14, 0)"
                >
                  55
                </text>
              </g>
              <g
                class="rv-xy-plot__axis__tick"
                transform="translate(0, 0)"
              >
                <line
                  class="rv-xy-plot__axis__tick__line"
                  x1="6"
                  x2="-6"
                  y1="0"
                  y2="0"
                />
                <text
                  class="rv-xy-plot__axis__tick__text"
                  dy="0.32em"
                  text-anchor="end"
                  transform="translate(-14, 0)"
                >
                  60
                </text>
              </g>
            </g>
          </g>
        </svg>
      </div>
    </div>
    <div
      style="text-align: center;"
    >
      <div
        class="rv-discrete-color-legend horizontal "
      />
    </div>
  </div>
</div>
`;
