// Jest Snapshot v1, https://goo.gl/fbAQLP

exports[`Application renders the app: dashboard 1`] = `
<div>
  <div
    id="App"
  >
    <nav
      id="navHeader"
    >
      <header
        class="MuiPaper-root-9 MuiPaper-elevation4-15 MuiAppBar-root-1 MuiAppBar-positionStatic-5 MuiAppBar-colorPrimary-7"
      >
        <div
          class="MuiToolbar-root-36 MuiToolbar-regular-38 MuiToolbar-gutters-37"
        >
          <img
            alt="Logo"
            style="height: 30px; margin-right: 1em;"
          />
          <h2
            class="MuiTypography-root-47 MuiTypography-title-53"
            style="margin-right: 2em;"
          >
            Insight
          </h2>
          <div
            class="MuiTabs-root-72"
          >
            <div
              class="MuiTabs-flexContainer-73"
            >
              <div
                class="MuiTabs-scroller-75 MuiTabs-fixed-76"
                role="tablist"
                style="margin-bottom: 0px;"
              >
                <div
                  class="MuiTabs-flexContainer-73"
                >
                  <button
                    aria-selected="true"
                    class="MuiButtonBase-root-93 MuiTab-root-81 MuiTab-textColorInherit-83 MuiTab-selected-86"
                    role="tab"
                    tabindex="0"
                    type="button"
                  >
                    <span
                      class="MuiTab-wrapper-89"
                    >
                      <span
                        class="MuiTab-labelContainer-90"
                      >
                        <span
                          class="MuiTab-label-91"
                        >
                          Dashboard
                        </span>
                      </span>
                    </span>
                    <span
                      class="MuiTouchRipple-root-99"
                    />
                  </button>
                  <button
                    aria-selected="false"
                    class="MuiButtonBase-root-93 MuiTab-root-81 MuiTab-textColorInherit-83"
                    role="tab"
                    tabindex="0"
                    type="button"
                  >
                    <span
                      class="MuiTab-wrapper-89"
                    >
                      <span
                        class="MuiTab-labelContainer-90"
                      >
                        <span
                          class="MuiTab-label-91"
                        >
                          Station Monitor
                        </span>
                      </span>
                    </span>
                    <span
                      class="MuiTouchRipple-root-99"
                    />
                  </button>
                  <button
                    aria-selected="false"
                    class="MuiButtonBase-root-93 MuiTab-root-81 MuiTab-textColorInherit-83"
                    role="tab"
                    tabindex="0"
                    type="button"
                  >
                    <span
                      class="MuiTab-wrapper-89"
                    >
                      <span
                        class="MuiTab-labelContainer-90"
                      >
                        <span
                          class="MuiTab-label-91"
                        >
                          Efficiency
                        </span>
                      </span>
                    </span>
                    <span
                      class="MuiTouchRipple-root-99"
                    />
                  </button>
                  <button
                    aria-selected="false"
                    class="MuiButtonBase-root-93 MuiTab-root-81 MuiTab-textColorInherit-83"
                    role="tab"
                    tabindex="0"
                    type="button"
                  >
                    <span
                      class="MuiTab-wrapper-89"
                    >
                      <span
                        class="MuiTab-labelContainer-90"
                      >
                        <span
                          class="MuiTab-label-91"
                        >
                          Cost/Piece
                        </span>
                      </span>
                    </span>
                    <span
                      class="MuiTouchRipple-root-99"
                    />
                  </button>
                  <button
                    aria-selected="false"
                    class="MuiButtonBase-root-93 MuiTab-root-81 MuiTab-textColorInherit-83"
                    role="tab"
                    tabindex="0"
                    type="button"
                  >
                    <span
                      class="MuiTab-wrapper-89"
                    >
                      <span
                        class="MuiTab-labelContainer-90"
                      >
                        <span
                          class="MuiTab-label-91"
                        >
                          Data Export
                        </span>
                      </span>
                    </span>
                    <span
                      class="MuiTouchRipple-root-99"
                    />
                  </button>
                </div>
                <span
                  class="TabIndicator-root-96 TabIndicator-colorSecondary-98 MuiTabs-indicator-80"
                  style="left: 0px; width: 0px;"
                />
              </div>
            </div>
          </div>
          <div
            data-mock-component="LoadingIcon"
          />
          <a
            aria-label="Help"
            class="MuiButtonBase-root-93 MuiIconButton-root-106"
            href="https://fms-insight.seedtactics.com/docs/client-dashboard.html"
            role="button"
            tabindex="0"
            target="_help"
            title="Help"
          >
            <span
              class="MuiIconButton-label-111"
            >
              <svg
                aria-hidden="true"
                class="MuiSvgIcon-root-112"
                focusable="false"
                viewBox="0 0 24 24"
              >
                <path
                  d="M0 0h24v24H0z"
                  fill="none"
                />
                <path
                  d="M11 18h2v-2h-2v2zm1-16C6.48 2 2 6.48 2 12s4.48 10 10 10 10-4.48 10-10S17.52 2 12 2zm0 18c-4.41 0-8-3.59-8-8s3.59-8 8-8 8 3.59 8 8-3.59 8-8 8zm0-14c-2.21 0-4 1.79-4 4h2c0-1.1.9-2 2-2s2 .9 2 2c0 2-3 1.75-3 5h2c0-2.25 3-2.5 3-5 0-2.21-1.79-4-4-4z"
                />
              </svg>
            </span>
            <span
              class="MuiTouchRipple-root-99"
            />
          </a>
        </div>
      </header>
    </nav>
    <div
      data-mock-component="Dashboard"
    />
  </div>
</div>
`;
