// Jest Snapshot v1, https://goo.gl/fbAQLP

exports[`renders the cost/piece page: calculated costs 1`] = `
<table
  class="MuiTable-root-177"
  data-testid="part-cost-table"
>
  <thead
    class="MuiTableHead-root-178"
  >
    <tr
      class="MuiTableRow-root-179 MuiTableRow-head-182"
    >
      <th
        class="MuiTableCell-root-184 MuiTableCell-head-185"
        scope="col"
      >
        Part
      </th>
      <th
        class="MuiTableCell-root-184 MuiTableCell-head-185"
        scope="col"
      >
        Material Cost
      </th>
      <th
        class="MuiTableCell-root-184 MuiTableCell-head-185"
        scope="col"
      >
        Machine Cost
      </th>
      <th
        class="MuiTableCell-root-184 MuiTableCell-head-185"
        scope="col"
      >
        Labor Cost
      </th>
      <th
        class="MuiTableCell-root-184 MuiTableCell-head-185"
        scope="col"
      >
        Total
      </th>
    </tr>
  </thead>
  <tbody
    class="MuiTableBody-root-192"
  >
    <tr
      class="MuiTableRow-root-179"
    >
      <td
        class="MuiTableCell-root-184 MuiTableCell-body-186"
      >
        aaa
      </td>
      <td
        class="MuiTableCell-root-184 MuiTableCell-body-186"
      >
        <div
          class="MuiFormControl-root-90"
        >
          <div
            class="MuiInputBase-root-107 MuiInput-root-94 MuiInput-underline-98 MuiInputBase-formControl-108 MuiInput-formControl-95"
          >
            <input
              aria-invalid="false"
              class="MuiInputBase-input-117 MuiInput-input-102 MuiInputBase-inputType-120 MuiInput-inputType-105"
              min="0"
              type="number"
              value="40"
            />
          </div>
        </div>
      </td>
      <td
        class="MuiTableCell-root-184 MuiTableCell-body-186"
      >
        0.3
      </td>
      <td
        class="MuiTableCell-root-184 MuiTableCell-body-186"
      >
        26.6
      </td>
      <td
        class="MuiTableCell-root-184 MuiTableCell-body-186"
      >
        66.9
      </td>
    </tr>
    <tr
      class="MuiTableRow-root-179"
    >
      <td
        class="MuiTableCell-root-184 MuiTableCell-body-186"
      >
        bbb
      </td>
      <td
        class="MuiTableCell-root-184 MuiTableCell-body-186"
      >
        <div
          class="MuiFormControl-root-90"
        >
          <div
            class="MuiInputBase-root-107 MuiInput-root-94 MuiInput-underline-98 MuiInputBase-formControl-108 MuiInput-formControl-95"
          >
            <input
              aria-invalid="false"
              class="MuiInputBase-input-117 MuiInput-input-102 MuiInputBase-inputType-120 MuiInput-inputType-105"
              min="0"
              type="number"
              value="0"
            />
          </div>
        </div>
      </td>
      <td
        class="MuiTableCell-root-184 MuiTableCell-body-186"
      >
        0.4
      </td>
      <td
        class="MuiTableCell-root-184 MuiTableCell-body-186"
      >
        26.6
      </td>
      <td
        class="MuiTableCell-root-184 MuiTableCell-body-186"
      >
        27
      </td>
    </tr>
    <tr
      class="MuiTableRow-root-179"
    >
      <td
        class="MuiTableCell-root-184 MuiTableCell-body-186"
      >
        ccc
      </td>
      <td
        class="MuiTableCell-root-184 MuiTableCell-body-186"
      >
        <div
          class="MuiFormControl-root-90"
        >
          <div
            class="MuiInputBase-root-107 MuiInput-root-94 MuiInput-underline-98 MuiInputBase-formControl-108 MuiInput-formControl-95"
          >
            <input
              aria-invalid="false"
              class="MuiInputBase-input-117 MuiInput-input-102 MuiInputBase-inputType-120 MuiInput-inputType-105"
              min="0"
              type="number"
              value="0"
            />
          </div>
        </div>
      </td>
      <td
        class="MuiTableCell-root-184 MuiTableCell-body-186"
      >
        0.9
      </td>
      <td
        class="MuiTableCell-root-184 MuiTableCell-body-186"
      >
        26.4
      </td>
      <td
        class="MuiTableCell-root-184 MuiTableCell-body-186"
      >
        27.3
      </td>
    </tr>
    <tr
      class="MuiTableRow-root-179"
    >
      <td
        class="MuiTableCell-root-184 MuiTableCell-body-186"
      >
        xxx
      </td>
      <td
        class="MuiTableCell-root-184 MuiTableCell-body-186"
      >
        <div
          class="MuiFormControl-root-90"
        >
          <div
            class="MuiInputBase-root-107 MuiInput-root-94 MuiInput-underline-98 MuiInputBase-formControl-108 MuiInput-formControl-95"
          >
            <input
              aria-invalid="false"
              class="MuiInputBase-input-117 MuiInput-input-102 MuiInputBase-inputType-120 MuiInput-inputType-105"
              min="0"
              type="number"
              value="0"
            />
          </div>
        </div>
      </td>
      <td
        class="MuiTableCell-root-184 MuiTableCell-body-186"
      >
        0.6
      </td>
      <td
        class="MuiTableCell-root-184 MuiTableCell-body-186"
      >
        13.8
      </td>
      <td
        class="MuiTableCell-root-184 MuiTableCell-body-186"
      >
        14.4
      </td>
    </tr>
    <tr
      class="MuiTableRow-root-179"
    >
      <td
        class="MuiTableCell-root-184 MuiTableCell-body-186"
      >
        yyy
      </td>
      <td
        class="MuiTableCell-root-184 MuiTableCell-body-186"
      >
        <div
          class="MuiFormControl-root-90"
        >
          <div
            class="MuiInputBase-root-107 MuiInput-root-94 MuiInput-underline-98 MuiInputBase-formControl-108 MuiInput-formControl-95"
          >
            <input
              aria-invalid="false"
              class="MuiInputBase-input-117 MuiInput-input-102 MuiInputBase-inputType-120 MuiInput-inputType-105"
              min="0"
              type="number"
              value="0"
            />
          </div>
        </div>
      </td>
      <td
        class="MuiTableCell-root-184 MuiTableCell-body-186"
      >
        1.6
      </td>
      <td
        class="MuiTableCell-root-184 MuiTableCell-body-186"
      >
        27.6
      </td>
      <td
        class="MuiTableCell-root-184 MuiTableCell-body-186"
      >
        29.1
      </td>
    </tr>
    <tr
      class="MuiTableRow-root-179"
    >
      <td
        class="MuiTableCell-root-184 MuiTableCell-body-186"
      >
        zzz
      </td>
      <td
        class="MuiTableCell-root-184 MuiTableCell-body-186"
      >
        <div
          class="MuiFormControl-root-90"
        >
          <div
            class="MuiInputBase-root-107 MuiInput-root-94 MuiInput-underline-98 MuiInputBase-formControl-108 MuiInput-formControl-95"
          >
            <input
              aria-invalid="false"
              class="MuiInputBase-input-117 MuiInput-input-102 MuiInputBase-inputType-120 MuiInput-inputType-105"
              min="0"
              type="number"
              value="0"
            />
          </div>
        </div>
      </td>
      <td
        class="MuiTableCell-root-184 MuiTableCell-body-186"
      >
        2.5
      </td>
      <td
        class="MuiTableCell-root-184 MuiTableCell-body-186"
      >
        13.8
      </td>
      <td
        class="MuiTableCell-root-184 MuiTableCell-body-186"
      >
        16.3
      </td>
    </tr>
  </tbody>
</table>
`;
